// Jest Snapshot v1, https://goo.gl/fbAQLP

exports[`<Basket> renders with the correct props 1`] = `[Function]`;
