// Jest Snapshot v1, https://goo.gl/fbAQLP

exports[`<CheckoutList> should return product 1`] = `[Function]`;
