// Jest Snapshot v1, https://goo.gl/fbAQLP

exports[`<Header> renders with the correct header 1`] = `[Function]`;
