// Jest Snapshot v1, https://goo.gl/fbAQLP

exports[`<ProductsListItem> renders with the passed props 1`] = `[Function]`;
