// Jest Snapshot v1, https://goo.gl/fbAQLP

exports[`<ProductsList> should return product 1`] = `[Function]`;
